
Allocating common symbols
Common symbol       size              file

memcpy              0x8               build/ps4.o
sock                0x4               build/main.o
sceSysUtilSendSystemNotificationWithText
                    0x8               build/ps4.o
__error             0x8               build/ps4.o
sceKernelLoadStartModule
                    0x8               build/ps4.o
memset              0x8               build/ps4.o
sprintf             0x8               build/ps4.o

Discarded input sections

 .data          0x0000000000000000        0x0 /tmp/ccoB7x7F.o
 .bss           0x0000000000000000        0x0 /tmp/ccoB7x7F.o
 .data          0x0000000000000000        0x0 /tmp/ccIVNOMu.o
 .bss           0x0000000000000000        0x0 /tmp/ccIVNOMu.o
 .text          0x0000000000000000        0x0 build/debug.o
 .data          0x0000000000000000        0x0 build/debug.o
 .bss           0x0000000000000000        0x0 build/debug.o
 .comment       0x0000000000000000       0x2a build/debug.o
 .note.GNU-stack
                0x0000000000000000        0x0 build/debug.o
 .eh_frame      0x0000000000000000       0x38 build/debug.o
 .text          0x0000000000000000        0x0 build/embed.o
 .data          0x0000000000000000        0x0 build/embed.o
 .bss           0x0000000000000000        0x0 build/embed.o
 .text          0x0000000000000000        0x0 build/main.o
 .data          0x0000000000000000        0x0 build/main.o
 .bss           0x0000000000000000        0x0 build/main.o
 .comment       0x0000000000000000       0x2a build/main.o
 .note.GNU-stack
                0x0000000000000000        0x0 build/main.o
 .eh_frame      0x0000000000000000       0xa0 build/main.o
 COMMON         0x0000000000000000        0x4 build/main.o
 .data          0x0000000000000000        0x0 build/ps4.o
 .bss           0x0000000000000000        0x0 build/ps4.o
 .comment       0x0000000000000000       0x2a build/ps4.o
 .note.GNU-stack
                0x0000000000000000        0x0 build/ps4.o
 .eh_frame      0x0000000000000000       0x88 build/ps4.o

Memory Configuration

Name             Origin             Length             Attributes
*default*        0x0000000000000000 0xffffffffffffffff

Linker script and memory map

LOAD /tmp/ccoB7x7F.o
LOAD /tmp/ccIVNOMu.o
LOAD build/debug.o
LOAD build/embed.o
LOAD build/main.o
LOAD build/ps4.o
                0x0000000926200000                . = 0x926200000

.text           0x0000000926200000      0x5a4
 *(.text.start)
 *(.text*)
 .text          0x0000000926200000        0x5 /tmp/ccoB7x7F.o
                0x0000000926200000                _start
 .text          0x0000000926200005       0x2e /tmp/ccIVNOMu.o
                0x0000000926200005                syscall
                0x0000000926200008                syscall_macro
 .text.notify   0x0000000926200033       0x37 build/debug.o
                0x0000000926200033                notify
 .text.install_payload
                0x000000092620006a      0x33b build/main.o
                0x000000092620006a                install_payload
 .text._main    0x00000009262003a5       0xa5 build/main.o
                0x00000009262003a5                _main
 .text          0x000000092620044a       0x30 build/ps4.o
                0x000000092620044a                unlink
                0x0000000926200456                kexec
                0x0000000926200462                mkdir
                0x000000092620046e                getFunctionAddressByName
 .text.loadModule
                0x000000092620047a       0x1d build/ps4.o
                0x000000092620047a                loadModule
 .text.initKernel
                0x0000000926200497       0x7e build/ps4.o
                0x0000000926200497                initKernel
 .text.initLibc
                0x0000000926200515       0x5c build/ps4.o
                0x0000000926200515                initLibc
 .text.initSysUtil
                0x0000000926200571       0x33 build/ps4.o
                0x0000000926200571                initSysUtil

.plt            0x00000009262005b0        0x0
 .plt           0x00000009262005b0        0x0 /tmp/ccoB7x7F.o

.plt.got        0x00000009262005a8        0x0
 .plt.got       0x00000009262005a8        0x0 /tmp/ccoB7x7F.o

.rodata         0x00000009262005a4     0x1df6
 *(.rodata)
 .rodata        0x00000009262005a4     0x1ccc build/embed.o
                0x00000009262005a4                kpayload
                0x000000092620226c                kpayload_size
 *(.rodata*)
 .rodata.notify.str1.1
                0x0000000926202270        0x3 build/debug.o
 .rodata._main.str1.1
                0x0000000926202273       0x54 build/main.o
 .rodata.initKernel.str1.1
                0x00000009262022c7       0x56 build/ps4.o
 .rodata.initLibc.str1.1
                0x000000092620231d       0x2e build/ps4.o
 .rodata.initSysUtil.str1.1
                0x000000092620234b       0x4f build/ps4.o

.interp         0x000000092620239a       0x1c
 .interp        0x000000092620239a       0x1c /tmp/ccoB7x7F.o

.gnu.version_d  0x00000009262023b8        0x0
 .gnu.version_d
                0x00000009262023b8        0x0 /tmp/ccoB7x7F.o

.gnu.version    0x00000009262023b6        0x0
 .gnu.version   0x00000009262023b6        0x0 /tmp/ccoB7x7F.o

.gnu.version_r  0x00000009262023b8        0x0
 .gnu.version_r
                0x00000009262023b8        0x0 /tmp/ccoB7x7F.o

.dynsym         0x00000009262023b8       0x18
 .dynsym        0x00000009262023b8       0x18 /tmp/ccoB7x7F.o

.dynstr         0x00000009262023d0        0x1
 .dynstr        0x00000009262023d0        0x1 /tmp/ccoB7x7F.o

.gnu.hash       0x00000009262023d8       0x1c
 .gnu.hash      0x00000009262023d8       0x1c /tmp/ccoB7x7F.o

.eh_frame_hdr   0x00000009262023f4        0x0
 .eh_frame_hdr  0x00000009262023f4        0x0 build/debug.o

.rela.dyn       0x00000009262023f8        0x0
 .rela.plt      0x00000009262023f8        0x0 /tmp/ccoB7x7F.o
 .rela.got      0x00000009262023f8        0x0 /tmp/ccoB7x7F.o
 .rela.bss      0x00000009262023f8        0x0 /tmp/ccoB7x7F.o
 .rela.data.rel.ro
                0x00000009262023f8        0x0 /tmp/ccoB7x7F.o
 .rela.ifunc    0x00000009262023f8        0x0 /tmp/ccoB7x7F.o
 .rela.text     0x00000009262023f8        0x0 /tmp/ccoB7x7F.o
 .rela.text.notify
                0x00000009262023f8        0x0 /tmp/ccoB7x7F.o
 .rela.text.install_payload
                0x00000009262023f8        0x0 /tmp/ccoB7x7F.o
 .rela.text._main
                0x00000009262023f8        0x0 /tmp/ccoB7x7F.o
 .rela.text.initKernel
                0x00000009262023f8        0x0 /tmp/ccoB7x7F.o
 .rela.text.initLibc
                0x00000009262023f8        0x0 /tmp/ccoB7x7F.o
 .rela.text.initSysUtil
                0x00000009262023f8        0x0 /tmp/ccoB7x7F.o

.data
 *(.data)

.dynamic        0x00000009262023f8       0xe0
 .dynamic       0x00000009262023f8       0xe0 /tmp/ccoB7x7F.o
                0x00000009262023f8                _DYNAMIC

.got            0x00000009262024d8        0x0
 .got           0x00000009262024d8        0x0 /tmp/ccoB7x7F.o

.got.plt        0x00000009262024d8        0x0
 .got.plt       0x00000009262024d8        0x0 /tmp/ccoB7x7F.o

.data.rel.ro    0x00000009262024d8        0x0
 .data.rel.ro   0x00000009262024d8        0x0 /tmp/ccoB7x7F.o

.bss            0x00000009262024d8       0x30
 *(.bss)
 COMMON         0x00000009262024d8       0x30 build/ps4.o
                0x00000009262024d8                memcpy
                0x00000009262024e0                sceSysUtilSendSystemNotificationWithText
                0x00000009262024e8                __error
                0x00000009262024f0                sceKernelLoadStartModule
                0x00000009262024f8                memset
                0x0000000926202500                sprintf

.dynbss         0x0000000926202508        0x0
 .dynbss        0x0000000926202508        0x0 /tmp/ccoB7x7F.o

/DISCARD/
 *(.comment)
 *(.note.GNU-stack)
 *(.eh_frame)
OUTPUT(temp.t elf64-x86-64)
